// Jest Snapshot v1, https://goo.gl/fbAQLP

exports[`app component renders the app 1`] = `
<BrowserRouter>
  <Switch>
    <Route
      component={
        Object {
          "$$typeof": Symbol(react.memo),
          "WrappedComponent": [Function],
          "compare": null,
          "displayName": "Connect(AllCharacters)",
          "type": [Function],
        }
      }
      exact={true}
      path="/"
    />
    <Route
      component={
        Object {
          "$$typeof": Symbol(react.memo),
          "WrappedComponent": [Function],
          "compare": null,
          "displayName": "Connect(CharacterDetailPage)",
          "type": [Function],
        }
      }
      path="/:id"
    />
  </Switch>
</BrowserRouter>
`;
